  File "/public/home/hans/02.dmff_test/torch_dmff/torch-dmff/tests/test_electrode.py", line 69
    self.rcut_override = 6.0
IndentationError: unexpected indent
