..
----------------------------------------------------------------------
Ran 2 tests in 2.679s

OK
