...
----------------------------------------------------------------------
Ran 3 tests in 2.619s

OK
