...
----------------------------------------------------------------------
Ran 3 tests in 2.656s

OK
