FF...FFFF..
======================================================================
FAIL: test (__main__.TestConpInterface2DBIAS)
----------------------------------------------------------------------
Traceback (most recent call last):
  File "/public/home/hans/02.dmff_test/torch_dmff/torch-dmff/tests/test_electrode.py", line 160, in test
    self.assertTrue(
AssertionError: False is not true : Forces do not match within tolerance of 1e-4

======================================================================
FAIL: test (__main__.TestConpInterface2DPZC)
----------------------------------------------------------------------
Traceback (most recent call last):
  File "/public/home/hans/02.dmff_test/torch_dmff/torch-dmff/tests/test_electrode.py", line 160, in test
    self.assertTrue(
AssertionError: False is not true : Forces do not match within tolerance of 1e-4

======================================================================
FAIL: test (__main__.TestConqInterface2DBIAS)
----------------------------------------------------------------------
Traceback (most recent call last):
  File "/public/home/hans/02.dmff_test/torch_dmff/torch-dmff/tests/test_electrode.py", line 160, in test
    self.assertTrue(
AssertionError: False is not true : Forces do not match within tolerance of 1e-4

======================================================================
FAIL: test (__main__.TestConqInterface2DEDL)
----------------------------------------------------------------------
Traceback (most recent call last):
  File "/public/home/hans/02.dmff_test/torch_dmff/torch-dmff/tests/test_electrode.py", line 160, in test
    self.assertTrue(
AssertionError: False is not true : Forces do not match within tolerance of 1e-4

======================================================================
FAIL: test (__main__.TestConqInterface2DPZC)
----------------------------------------------------------------------
Traceback (most recent call last):
  File "/public/home/hans/02.dmff_test/torch_dmff/torch-dmff/tests/test_electrode.py", line 160, in test
    self.assertTrue(
AssertionError: False is not true : Forces do not match within tolerance of 1e-4

======================================================================
FAIL: test (__main__.TestConqInterface3DBIAS)
----------------------------------------------------------------------
Traceback (most recent call last):
  File "/public/home/hans/02.dmff_test/torch_dmff/torch-dmff/tests/test_electrode.py", line 152, in test
    self.assertTrue(rmse < 1e-4, f"RMSE exceeds threshold: {rmse}\nDifferences in forces:\n{diff}")
AssertionError: False is not true : RMSE exceeds threshold: 1.7484524951743357
Differences in forces:
[[ 2.21984964e-03  5.40024738e-02  1.14015183e+00]
 [-4.46139590e-02  6.79964042e-02  1.10478954e+00]
 [ 2.96616240e-02  1.58601594e-02  1.12250212e+00]
 ...
 [ 1.78126172e-05 -6.12395966e-06  4.86748934e+00]
 [-5.62458818e-06  1.12817149e-06 -2.43374376e+00]
 [-9.52639310e-06 -2.75255429e-06 -2.43372199e+00]]

----------------------------------------------------------------------
Ran 11 tests in 4.408s

FAILED (failures=6)
Forces do not match within tolerance of 1e-4
Calculated forces:
 [[-4.17305873e-05 -1.02494027e-03 -4.56342186e-04]
 [ 2.76326942e-04 -4.20832786e-04  1.45871830e-05]
 [-6.08921813e-04 -3.24756803e-04 -1.09774890e-04]
 ...
 [-4.14065751e+00  8.85454826e-02 -1.34238107e+00]
 [ 2.85361200e+00  1.34064668e+00 -1.12873340e+00]
 [ 1.29076638e+00 -1.52798877e+00  2.45678654e+00]]
Reference forces:
 [[-4.17276414e-05 -1.02463894e-03 -4.56128242e-04]
 [ 2.76219697e-04 -4.20638621e-04  1.45825552e-05]
 [-6.08913989e-04 -3.24722028e-04 -1.09633931e-04]
 ...
 [-4.14066948e+00  8.85391473e-02 -1.34234936e+00]
 [ 2.85362488e+00  1.34063270e+00 -1.12873851e+00]
 [ 1.29076664e+00 -1.52796221e+00  2.45673590e+00]]
Forces do not match within tolerance of 1e-4
Calculated forces:
 [[-2.85276450e-04 -7.00433200e-03 -1.31079914e-02]
 [ 5.22017870e-03 -7.95049060e-03 -8.72833312e-03]
 [-3.89651133e-03 -2.07843049e-03 -1.08091846e-02]
 ...
 [-4.14065727e+00  8.85454581e-02 -1.88029292e+00]
 [ 2.85361177e+00  1.34064665e+00 -8.59778564e-01]
 [ 1.29076628e+00 -1.52798876e+00  2.72574308e+00]]
Reference forces:
 [[-2.85392029e-04 -7.00338227e-03 -1.31067416e-02]
 [ 5.21997945e-03 -7.94960608e-03 -8.72819780e-03]
 [-3.89630795e-03 -2.07819780e-03 -1.08084231e-02]
 ...
 [-4.14066965e+00  8.85392322e-02 -1.88026447e+00]
 [ 2.85362496e+00  1.34063265e+00 -8.59782038e-01]
 [ 1.29076670e+00 -1.52796226e+00  2.72569396e+00]]
Forces do not match within tolerance of 1e-4
Calculated forces:
 [[-2.90700385e-03 -7.08540343e-02 -1.21061236e+00]
 [ 5.79761335e-02 -8.83467738e-02 -1.16447134e+00]
 [-3.89710823e-02 -2.08272500e-02 -1.18744289e+00]
 ...
 [-4.14065951e+00  8.85464216e-02 -7.62158124e+00]
 [ 2.85361289e+00  1.34064610e+00  2.01085360e+00]
 [ 1.29076707e+00 -1.52798928e+00  5.59639249e+00]]
Reference forces:
 [[-2.90702866e-03 -7.08481683e-02 -1.21060280e+00]
 [ 5.79753388e-02 -8.83401760e-02 -1.16447150e+00]
 [-3.89704513e-02 -2.08256674e-02 -1.18743853e+00]
 ...
 [-4.14067154e+00  8.85401386e-02 -7.62155148e+00]
 [ 2.85362584e+00  1.34063212e+00  2.01084988e+00]
 [ 1.29076735e+00 -1.52796275e+00  5.59634278e+00]]
Forces do not match within tolerance of 1e-4
Calculated forces:
 [[ 1.75446464e-02  2.55727757e-02 -1.45045965e-01]
 [ 5.72670575e-03 -6.67889042e-03 -3.01732985e-01]
 [-2.66113004e-03 -2.07471200e-02 -1.84594910e-01]
 ...
 [ 4.37089009e+00  4.36645753e+00 -1.93236792e+00]
 [-3.25720178e+00 -4.77729977e-01  8.63110316e-01]
 [-8.30504576e-01 -3.40779592e+00  9.81490921e-01]]
Reference forces:
 [[ 1.75448503e-02  2.55730695e-02 -1.45041702e-01]
 [ 5.72798607e-03 -6.67679553e-03 -3.01736063e-01]
 [-2.66001382e-03 -2.07450934e-02 -1.84600904e-01]
 ...
 [ 4.37087383e+00  4.36646442e+00 -1.93246485e+00]
 [-3.25718535e+00 -4.77740888e-01  8.63161688e-01]
 [-8.30511078e-01 -3.40778318e+00  9.81568767e-01]]
Forces do not match within tolerance of 1e-4
Calculated forces:
 [[-2.85276450e-04 -7.00433200e-03 -1.31079914e-02]
 [ 5.22017870e-03 -7.95049060e-03 -8.72833312e-03]
 [-3.89651133e-03 -2.07843049e-03 -1.08091846e-02]
 ...
 [-4.14065727e+00  8.85454581e-02 -1.88029292e+00]
 [ 2.85361177e+00  1.34064665e+00 -8.59778564e-01]
 [ 1.29076628e+00 -1.52798876e+00  2.72574308e+00]]
Reference forces:
 [[-2.85392029e-04 -7.00338227e-03 -1.31067416e-02]
 [ 5.21997945e-03 -7.94960608e-03 -8.72819780e-03]
 [-3.89630795e-03 -2.07819780e-03 -1.08084231e-02]
 ...
 [-4.14066965e+00  8.85392322e-02 -1.88026447e+00]
 [ 2.85362496e+00  1.34063265e+00 -8.59782038e-01]
 [ 1.29076670e+00 -1.52796226e+00  2.72569396e+00]]
RMSE exceeds threshold: 1.7484524951743357
Differences in forces:
 [[ 2.21984964e-03  5.40024738e-02  1.14015183e+00]
 [-4.46139590e-02  6.79964042e-02  1.10478954e+00]
 [ 2.96616240e-02  1.58601594e-02  1.12250212e+00]
 ...
 [ 1.78126172e-05 -6.12395966e-06  4.86748934e+00]
 [-5.62458818e-06  1.12817149e-06 -2.43374376e+00]
 [-9.52639310e-06 -2.75255429e-06 -2.43372199e+00]]
