# step pe ke etotal
0 -92.872855421464279857 0 -92.872855421464279857
