# step pe ke etotal
0 -92.811934485805920758 0 -92.811934485805920758
