# step pe ke etotal
0 -14.193744649196377239 0 -14.193744649196377239
# step pe ke etotal
0 -14.193744649196377239 0 -14.193744649196377239
# step pe ke etotal
0 -14.193744649196377239 0 -14.193744649196377239
